[dotenv@17.3.1] injecting env (3) from .env.local -- tip: 🛡️ auth for agents: https://vestauth.com
Starting connection test...
URI host: hmoporfolio.set5fmm.mongodb.net/portfolio?appName=hmoporfolio
✅ Successfully connected to MongoDB in 933ms!
